Adding transaction: 12358 Cat Dov 150000 200
Block mined: 1 0 0x00000000 1
12358 Cat Dov 150000 200
Thread 0 checking nonce 0x00000000
Thread 3 checking nonce 0x00000003
Thread 3 checking nonce 0x00000023
Thread 1 checking nonce 0x00000001
Thread 2 checking nonce 0x00000002
Thread 2 checking nonce 0x00000022
Thread 2 checking nonce 0x00000042
Thread 3 checking nonce 0x00000043
Thread 2 checking nonce 0x00000062
Thread 6 checking nonce 0x00000006
Thread 2 checking nonce 0x00000082
Thread 6 checking nonce 0x00000026
Thread 6 checking nonce 0x00000046
Thread 2 checking nonce 0x000000a2
Thread 2 checking nonce 0x000000c2
Thread 4 checking nonce 0x00000004
Thread 5 checking nonce 0x00000005
Thread 5 checking nonce 0x00000025
Thread 3 checking nonce 0x00000063
Thread 8 checking nonce 0x00000008
Thread 3 checking nonce 0x00000083
Thread 6 checking nonce 0x00000066
Thread 2 checking nonce 0x000000e2
Thread 3 checking nonce 0x000000a3
Thread 9 checking nonce 0x00000009
Thread 9 checking nonce 0x00000029
Thread 3 checking nonce 0x000000c3
Thread 9 checking nonce 0x00000049
Thread 0 checking nonce 0x00000020
Thread 10 checking nonce 0x0000000a
Thread 0 checking nonce 0x00000040
Thread 10 checking nonce 0x0000002a
Thread 0 checking nonce 0x00000060
Thread 5 checking nonce 0x00000045
Thread 0 checking nonce 0x00000080
Thread 11 checking nonce 0x0000000b
Thread 10 checking nonce 0x0000004a
Thread 12 checking nonce 0x0000000c
Thread 11 checking nonce 0x0000002b
Thread 11 checking nonce 0x0000004b
Thread 6 checking nonce 0x00000086
Thread 12 checking nonce 0x0000002c
Thread 5 checking nonce 0x00000065
Thread 12 checking nonce 0x0000004c
Thread 14 checking nonce 0x0000000e
Thread 12 checking nonce 0x0000006c
Thread 14 checking nonce 0x0000002e
Thread 12 checking nonce 0x0000008c
Thread 14 checking nonce 0x0000004e
Thread 2 checking nonce 0x00000102
Thread 12 checking nonce 0x000000ac
Thread 14 checking nonce 0x0000006e
Thread 12 checking nonce 0x000000cc
Thread 12 checking nonce 0x000000ec
Thread 2 checking nonce 0x00000122
Thread 12 checking nonce 0x0000010c
Thread 14 checking nonce 0x0000008e
Thread 11 checking nonce 0x0000006b
Thread 12 checking nonce 0x0000012c
Thread 6 checking nonce 0x000000a6
Thread 15 checking nonce 0x0000000f
Thread 17 checking nonce 0x00000011
Thread 18 checking nonce 0x00000012
Thread 17 checking nonce 0x00000031
Thread 4 checking nonce 0x00000024
Thread 18 checking nonce 0x00000032
Thread 13 checking nonce 0x0000000d
Thread 16 checking nonce 0x00000010
Thread 4 checking nonce 0x00000044
Thread 16 checking nonce 0x00000030
Thread 2 checking nonce 0x00000142
Thread 18 checking nonce 0x00000052
Thread 7 checking nonce 0x00000007
Thread 18 checking nonce 0x00000072
Thread 1 checking nonce 0x00000021
Thread 11 checking nonce 0x0000008b
Thread 13 checking nonce 0x0000002d
Thread 1 checking nonce 0x00000041
Thread 11 checking nonce 0x000000ab
Thread 11 checking nonce 0x000000cb
Thread 9 checking nonce 0x00000069
Thread 11 checking nonce 0x000000eb
Thread 1 checking nonce 0x00000061
Thread 9 checking nonce 0x00000089
Thread 5 checking nonce 0x00000085
Thread 10 checking nonce 0x0000006a
Thread 16 checking nonce 0x00000050
Thread 22 checking nonce 0x00000016
Thread 10 checking nonce 0x0000008a
Thread 7 checking nonce 0x00000027
Thread 22 checking nonce 0x00000036
Thread 5 checking nonce 0x000000a5
Thread 22 checking nonce 0x00000056
Thread 10 checking nonce 0x000000aa
Thread 5 checking nonce 0x000000c5
Thread 5 checking nonce 0x000000e5
Thread 22 checking nonce 0x00000076
Thread 12 checking nonce 0x0000014c
Thread 16 checking nonce 0x00000070
Thread 5 checking nonce 0x00000105
Thread 18 checking nonce 0x00000092
Thread 3 checking nonce 0x000000e3
Thread 18 checking nonce 0x000000b2
Thread 14 checking nonce 0x000000ae
Thread 12 checking nonce 0x0000016c
Thread 3 checking nonce 0x00000103
Thread 19 checking nonce 0x00000013
Thread 13 checking nonce 0x0000004d
Thread 1 checking nonce 0x00000081
Thread 19 checking nonce 0x00000033
Thread 13 checking nonce 0x0000006d
Thread 9 checking nonce 0x000000a9
Thread 13 checking nonce 0x0000008d
Thread 13 checking nonce 0x000000ad
Thread 13 checking nonce 0x000000cd
Thread 11 checking nonce 0x0000010b
Thread 11 checking nonce 0x0000012b
Thread 11 checking nonce 0x0000014b
Thread 25 checking nonce 0x00000019
Thread 11 checking nonce 0x0000016b
Thread 19 checking nonce 0x00000053
Thread 25 checking nonce 0x00000039
Thread 11 checking nonce 0x0000018b
Thread 25 checking nonce 0x00000059
Thread 19 checking nonce 0x00000073
Thread 25 checking nonce 0x00000079
Thread 19 checking nonce 0x00000093
Thread 25 checking nonce 0x00000099
Thread 11 checking nonce 0x000001ab
Thread 25 checking nonce 0x000000b9
Thread 19 checking nonce 0x000000b3
Thread 11 checking nonce 0x000001cb
Thread 0 checking nonce 0x000000a0
Thread 19 checking nonce 0x000000d3
Thread 22 checking nonce 0x00000096
Thread 10 checking nonce 0x000000ca
Thread 10 checking nonce 0x000000ea
Thread 16 checking nonce 0x00000090
Thread 18 checking nonce 0x000000d2
Thread 16 checking nonce 0x000000b0
Thread 12 checking nonce 0x0000018c
Thread 10 checking nonce 0x0000010a
Thread 3 checking nonce 0x00000123
Thread 12 checking nonce 0x000001ac
Thread 27 checking nonce 0x0000001b
Thread 3 checking nonce 0x00000143
Thread 12 checking nonce 0x000001cc
Thread 24 checking nonce 0x00000018
Thread 30 checking nonce 0x0000001e
Thread 24 checking nonce 0x00000038
Thread 30 checking nonce 0x0000003e
Thread 3 checking nonce 0x00000163
Thread 25 checking nonce 0x000000d9
Thread 25 checking nonce 0x000000f9
Thread 2 checking nonce 0x00000162
Thread 2 checking nonce 0x00000182
Thread 2 checking nonce 0x000001a2
Thread 21 checking nonce 0x00000015
Thread 2 checking nonce 0x000001c2
Thread 21 checking nonce 0x00000035
Thread 2 checking nonce 0x000001e2
Thread 21 checking nonce 0x00000055
Thread 2 checking nonce 0x00000202
Thread 21 checking nonce 0x00000075
Thread 2 checking nonce 0x00000222
Thread 21 checking nonce 0x00000095
Thread 6 checking nonce 0x000000c6
Thread 21 checking nonce 0x000000b5
Thread 8 checking nonce 0x00000028
Thread 6 checking nonce 0x000000e6
Thread 22 checking nonce 0x000000b6
Thread 10 checking nonce 0x0000012a
Thread 6 checking nonce 0x00000106
Thread 10 checking nonce 0x0000014a
Thread 22 checking nonce 0x000000d6
Thread 27 checking nonce 0x0000003b
Thread 22 checking nonce 0x000000f6
Thread 24 checking nonce 0x00000058
Thread 10 checking nonce 0x0000016a
Thread 24 checking nonce 0x00000078
Thread 13 checking nonce 0x000000ed
Thread 30 checking nonce 0x0000005e
Thread 17 checking nonce 0x00000051
Thread 13 checking nonce 0x0000010d
Thread 17 checking nonce 0x00000071
Thread 4 checking nonce 0x00000064
Thread 15 checking nonce 0x0000002f
Thread 9 checking nonce 0x000000c9
Thread 4 checking nonce 0x00000084
Thread 4 checking nonce 0x000000a4
Thread 17 checking nonce 0x00000091
Thread 0 checking nonce 0x000000c0
Thread 4 checking nonce 0x000000c4
Thread 15 checking nonce 0x0000004f
Thread 7 checking nonce 0x00000047
Thread 15 checking nonce 0x0000006f
Thread 7 checking nonce 0x00000067
Thread 15 checking nonce 0x0000008f
Thread 7 checking nonce 0x00000087
Thread 5 checking nonce 0x00000125
Thread 15 checking nonce 0x000000af
Thread 18 checking nonce 0x000000f2
Thread 7 checking nonce 0x000000a7
Thread 22 checking nonce 0x00000116
Thread 18 checking nonce 0x00000112
Thread 7 checking nonce 0x000000c7
Thread 15 checking nonce 0x000000cf
Thread 5 checking nonce 0x00000145
Thread 7 checking nonce 0x000000e7
Thread 18 checking nonce 0x00000132
Thread 1 checking nonce 0x000000a1
Thread 18 checking nonce 0x00000152
Thread 3 checking nonce 0x00000183
Thread 1 checking nonce 0x000000c1
Thread 18 checking nonce 0x00000172
Thread 13 checking nonce 0x0000012d
Thread 3 checking nonce 0x000001a3
Thread 18 checking nonce 0x00000192
Thread 25 checking nonce 0x00000119
Thread 1 checking nonce 0x000000e1
Thread 3 checking nonce 0x000001c3
Thread 18 checking nonce 0x000001b2
Thread 18 checking nonce 0x000001d2
Thread 3 checking nonce 0x000001e3
Thread 18 checking nonce 0x000001f2
Thread 3 checking nonce 0x00000203
Thread 18 checking nonce 0x00000212
Thread 3 checking nonce 0x00000223
Thread 3 checking nonce 0x00000243
Thread 3 checking nonce 0x00000263
Thread 27 checking nonce 0x0000005b
Thread 3 checking nonce 0x00000283
Thread 15 checking nonce 0x000000ef
Thread 27 checking nonce 0x0000007b
Thread 3 checking nonce 0x000002a3
Thread 15 checking nonce 0x0000010f
Thread 27 checking nonce 0x0000009b
Thread 15 checking nonce 0x0000012f
Thread 27 checking nonce 0x000000bb
Thread 23 checking nonce 0x00000017
Thread 15 checking nonce 0x0000014f
Thread 27 checking nonce 0x000000db
Thread 31 checking nonce 0x0000001f
Thread 27 checking nonce 0x000000fb
Thread 3 checking nonce 0x000002c3
Thread 15 checking nonce 0x0000016f
Thread 11 checking nonce 0x000001eb
Thread 27 checking nonce 0x0000011b
Thread 31 checking nonce 0x0000003f
Thread 20 checking nonce 0x00000014
Thread 6 checking nonce 0x00000126
Thread 30 checking nonce 0x0000007e
Thread 18 checking nonce 0x00000232
Thread 31 checking nonce 0x0000005f
Thread 30 checking nonce 0x0000009e
Thread 9 checking nonce 0x000000e9
Thread 30 checking nonce 0x000000be
Thread 16 checking nonce 0x000000d0
Thread 9 checking nonce 0x00000109
Thread 16 checking nonce 0x000000f0
Thread 9 checking nonce 0x00000129
Thread 0 checking nonce 0x000000e0
Thread 16 checking nonce 0x00000110
Thread 9 checking nonce 0x00000149
Thread 8 checking nonce 0x00000048
Thread 17 checking nonce 0x000000b1
Thread 12 checking nonce 0x000001ec
Thread 0 checking nonce 0x00000100
Thread 10 checking nonce 0x0000018a
Thread 12 checking nonce 0x0000020c
Thread 12 checking nonce 0x0000022c
Thread 12 checking nonce 0x0000024c
Thread 12 checking nonce 0x0000026c
Thread 1 checking nonce 0x00000101
Thread 12 checking nonce 0x0000028c
Thread 6 checking nonce 0x00000146
Thread 12 checking nonce 0x000002ac
Thread 4 checking nonce 0x000000e4
Thread 12 checking nonce 0x000002cc
Thread 18 checking nonce 0x00000252
Thread 12 checking nonce 0x000002ec
Thread 2 checking nonce 0x00000242
Thread 12 checking nonce 0x0000030c
Thread 14 checking nonce 0x000000ce
Thread 18 checking nonce 0x00000272
Thread 14 checking nonce 0x000000ee
Thread 29 checking nonce 0x0000001d
Thread 4 checking nonce 0x00000104
Thread 29 checking nonce 0x0000003d
Thread 14 checking nonce 0x0000010e
Thread 30 checking nonce 0x000000de
Thread 14 checking nonce 0x0000012e
Thread 30 checking nonce 0x000000fe
Thread 17 checking nonce 0x000000d1
Thread 25 checking nonce 0x00000139
Thread 14 checking nonce 0x0000014e
Thread 10 checking nonce 0x000001aa
Thread 14 checking nonce 0x0000016e
Thread 10 checking nonce 0x000001ca
Thread 11 checking nonce 0x0000020b
Thread 10 checking nonce 0x000001ea
Thread 11 checking nonce 0x0000022b
Thread 14 checking nonce 0x0000018e
Thread 11 checking nonce 0x0000024b
Thread 27 checking nonce 0x0000013b
Thread 14 checking nonce 0x000001ae
Thread 24 checking nonce 0x00000098
Thread 14 checking nonce 0x000001ce
Thread 10 checking nonce 0x0000020a
Thread 11 checking nonce 0x0000026b
Thread 15 checking nonce 0x0000018f
Thread 14 checking nonce 0x000001ee
Thread 1 checking nonce 0x00000121
Thread 19 checking nonce 0x000000f3
Thread 18 checking nonce 0x00000292
Thread 21 checking nonce 0x000000d5
Thread 18 checking nonce 0x000002b2
Thread 4 checking nonce 0x00000124
Thread 18 checking nonce 0x000002d2
Thread 5 checking nonce 0x00000165
Thread 12 checking nonce 0x0000032c
Thread 4 checking nonce 0x00000144
Thread 22 checking nonce 0x00000136
Thread 5 checking nonce 0x00000185
Thread 5 checking nonce 0x000001a5
Thread 12 checking nonce 0x0000034c
Thread 4 checking nonce 0x00000164
Thread 12 checking nonce 0x0000036c
Thread 16 checking nonce 0x00000130
Thread 16 checking nonce 0x00000150
Thread 5 checking nonce 0x000001c5
Thread 16 checking nonce 0x00000170
Thread 0 checking nonce 0x00000120
Thread 12 checking nonce 0x0000038c
Thread 16 checking nonce 0x00000190
Thread 12 checking nonce 0x000003ac
Thread 0 checking nonce 0x00000140
Thread 12 checking nonce 0x000003cc
Thread 9 checking nonce 0x00000169
Thread 13 checking nonce 0x0000014d
Thread 20 checking nonce 0x00000034
Thread 9 checking nonce 0x00000189
Thread 20 checking nonce 0x00000054
Thread 20 checking nonce 0x00000074
Thread 20 checking nonce 0x00000094
Thread 4 checking nonce 0x00000184
Thread 20 checking nonce 0x000000b4
Thread 4 checking nonce 0x000001a4
Thread 20 checking nonce 0x000000d4
Thread 4 checking nonce 0x000001c4
Thread 23 checking nonce 0x00000037
Thread 20 checking nonce 0x000000f4
Thread 4 checking nonce 0x000001e4
Thread 20 checking nonce 0x00000114
Thread 4 checking nonce 0x00000204
Thread 12 checking nonce 0x000003ec
Thread 4 checking nonce 0x00000224
Thread 12 checking nonce 0x0000040c
Thread 4 checking nonce 0x00000244
Thread 4 checking nonce 0x00000264
Thread 23 checking nonce 0x00000057
Thread 20 checking nonce 0x00000134
Thread 12 checking nonce 0x0000042c
Thread 23 checking nonce 0x00000077
Thread 20 checking nonce 0x00000154
Thread 23 checking nonce 0x00000097
Thread 9 checking nonce 0x000001a9
Thread 19 checking nonce 0x00000113
Thread 9 checking nonce 0x000001c9
Thread 2 checking nonce 0x00000262
Thread 19 checking nonce 0x00000133
Thread 2 checking nonce 0x00000282
Thread 19 checking nonce 0x00000153
Thread 9 checking nonce 0x000001e9
Thread 21 checking nonce 0x000000f5
Thread 19 checking nonce 0x00000173
Thread 9 checking nonce 0x00000209
Thread 19 checking nonce 0x00000193
Thread 31 checking nonce 0x0000007f
Thread 21 checking nonce 0x00000115
Thread 19 checking nonce 0x000001b3
Thread 31 checking nonce 0x0000009f
Thread 19 checking nonce 0x000001d3
Thread 31 checking nonce 0x000000bf
Thread 19 checking nonce 0x000001f3
Thread 7 checking nonce 0x00000107
Thread 21 checking nonce 0x00000135
Thread 19 checking nonce 0x00000213
Thread 7 checking nonce 0x00000127
Thread 21 checking nonce 0x00000155
Thread 22 checking nonce 0x00000156
Thread 21 checking nonce 0x00000175
Thread 31 checking nonce 0x000000df
Thread 19 checking nonce 0x00000233
Thread 22 checking nonce 0x00000176
Thread 31 checking nonce 0x000000ff
Thread 21 checking nonce 0x00000195
Thread 22 checking nonce 0x00000196
Thread 17 checking nonce 0x000000f1
Thread 8 checking nonce 0x00000068
Thread 27 checking nonce 0x0000015b
Thread 8 checking nonce 0x00000088
Thread 24 checking nonce 0x000000b8
Thread 24 checking nonce 0x000000d8
Thread 27 checking nonce 0x0000017b
Thread 6 checking nonce 0x00000166
Thread 8 checking nonce 0x000000a8
Thread 14 checking nonce 0x0000020e
Thread 6 checking nonce 0x00000186
Thread 6 checking nonce 0x000001a6
Thread 15 checking nonce 0x000001af
Thread 20 checking nonce 0x00000174
Thread 15 checking nonce 0x000001cf
Thread 13 checking nonce 0x0000016d
Thread 8 checking nonce 0x000000c8
Thread 20 checking nonce 0x00000194
Thread 15 checking nonce 0x000001ef
Thread 13 checking nonce 0x0000018d
Thread 15 checking nonce 0x0000020f
Thread 9 checking nonce 0x00000229
Thread 18 checking nonce 0x000002f2
Thread 13 checking nonce 0x000001ad
Thread 9 checking nonce 0x00000249
Thread 9 checking nonce 0x00000269
Thread 18 checking nonce 0x00000312
Thread 9 checking nonce 0x00000289
Thread 21 checking nonce 0x000001b5
Thread 13 checking nonce 0x000001cd
Thread 16 checking nonce 0x000001b0
Thread 18 checking nonce 0x00000332
Thread 7 checking nonce 0x00000147
Thread 3 checking nonce 0x000002e3
Thread 13 checking nonce 0x000001ed
Thread 28 checking nonce 0x0000001c
Thread 12 checking nonce 0x0000044c
Thread 28 checking nonce 0x0000003c
Thread 30 checking nonce 0x0000011e
Thread 10 checking nonce 0x0000022a
Thread 12 checking nonce 0x0000046c
Thread 14 checking nonce 0x0000022e
Thread 30 checking nonce 0x0000013e
Thread 12 checking nonce 0x0000048c
Thread 30 checking nonce 0x0000015e
Thread 1 checking nonce 0x00000141
Thread 8 checking nonce 0x000000e8
Thread 1 checking nonce 0x00000161
Thread 0 checking nonce 0x00000160
Thread 2 checking nonce 0x000002a2
Thread 8 checking nonce 0x00000108
Thread 0 checking nonce 0x00000180
Thread 1 checking nonce 0x00000181
Thread 8 checking nonce 0x00000128
Thread 19 checking nonce 0x00000253
Thread 2 checking nonce 0x000002c2
Thread 9 checking nonce 0x000002a9
Thread 1 checking nonce 0x000001a1
Thread 8 checking nonce 0x00000148
Thread 8 checking nonce 0x00000168
Thread 8 checking nonce 0x00000188
Thread 14 checking nonce 0x0000024e
Thread 8 checking nonce 0x000001a8
Thread 5 checking nonce 0x000001e5
Thread 14 checking nonce 0x0000026e
Thread 5 checking nonce 0x00000205
Thread 14 checking nonce 0x0000028e
Thread 8 checking nonce 0x000001c8
Thread 15 checking nonce 0x0000022f
Thread 5 checking nonce 0x00000225
Thread 14 checking nonce 0x000002ae
Thread 5 checking nonce 0x00000245
Thread 5 checking nonce 0x00000265
Thread 14 checking nonce 0x000002ce
Thread 8 checking nonce 0x000001e8
Thread 14 checking nonce 0x000002ee
Thread 5 checking nonce 0x00000285
Thread 8 checking nonce 0x00000208
Thread 5 checking nonce 0x000002a5
Thread 8 checking nonce 0x00000228
Thread 9 checking nonce 0x000002c9
Thread 14 checking nonce 0x0000030e
Thread 23 checking nonce 0x000000b7
Thread 9 checking nonce 0x000002e9
Thread 8 checking nonce 0x00000248
Thread 2 checking nonce 0x000002e2
Thread 19 checking nonce 0x00000273
Thread 13 checking nonce 0x0000020d
Thread 19 checking nonce 0x00000293
Thread 24 checking nonce 0x000000f8
Thread 24 checking nonce 0x00000118
Thread 19 checking nonce 0x000002b3
Thread 28 checking nonce 0x0000005c
Thread 24 checking nonce 0x00000138
Thread 28 checking nonce 0x0000007c
Thread 11 checking nonce 0x0000028b
Thread 24 checking nonce 0x00000158
Thread 10 checking nonce 0x0000024a
Thread 24 checking nonce 0x00000178
Thread 29 checking nonce 0x0000005d
Thread 10 checking nonce 0x0000026a
Thread 11 checking nonce 0x000002ab
Thread 12 checking nonce 0x000004ac
Thread 11 checking nonce 0x000002cb
Thread 31 checking nonce 0x0000011f
Thread 12 checking nonce 0x000004cc
Thread 24 checking nonce 0x00000198
Thread 31 checking nonce 0x0000013f
Thread 12 checking nonce 0x000004ec
Thread 29 checking nonce 0x0000007d
Thread 3 checking nonce 0x00000303
Thread 29 checking nonce 0x0000009d
Thread 23 checking nonce 0x000000d7
Thread 3 checking nonce 0x00000323
Thread 23 checking nonce 0x000000f7
Thread 3 checking nonce 0x00000343
Thread 29 checking nonce 0x000000bd
Thread 2 checking nonce 0x00000302
Thread 3 checking nonce 0x00000363
Thread 29 checking nonce 0x000000dd
Thread 16 checking nonce 0x000001d0
Thread 29 checking nonce 0x000000fd
Thread 18 checking nonce 0x00000352
Thread 29 checking nonce 0x0000011d
Thread 17 checking nonce 0x00000111
Thread 4 checking nonce 0x00000284
Thread 17 checking nonce 0x00000131
Thread 21 checking nonce 0x000001d5
Thread 26 checking nonce 0x0000001a
Thread 6 checking nonce 0x000001c6
Thread 22 checking nonce 0x000001b6
Thread 26 checking nonce 0x0000003a
Thread 15 checking nonce 0x0000024f
Thread 25 checking nonce 0x00000159
Thread 26 checking nonce 0x0000005a
Thread 15 checking nonce 0x0000026f
Thread 5 checking nonce 0x000002c5
Thread 15 checking nonce 0x0000028f
Thread 5 checking nonce 0x000002e5
Thread 25 checking nonce 0x00000179
Thread 8 checking nonce 0x00000268
Thread 25 checking nonce 0x00000199
Thread 5 checking nonce 0x00000305
Thread 25 checking nonce 0x000001b9
Thread 2 checking nonce 0x00000322
Thread 3 checking nonce 0x00000383
Thread 25 checking nonce 0x000001d9
Thread 5 checking nonce 0x00000325
Thread 25 checking nonce 0x000001f9
Thread 5 checking nonce 0x00000345
Thread 18 checking nonce 0x00000372
Thread 28 checking nonce 0x0000009c
Thread 25 checking nonce 0x00000219
Thread 29 checking nonce 0x0000013d
Thread 27 checking nonce 0x0000019b
Thread 5 checking nonce 0x00000365
Thread 21 checking nonce 0x000001f5
Thread 4 checking nonce 0x000002a4
Thread 20 checking nonce 0x000001b4
Thread 29 checking nonce 0x0000015d
Thread 18 checking nonce 0x00000392
Thread 20 checking nonce 0x000001d4
Thread 0 checking nonce 0x000001a0
Thread 10 checking nonce 0x0000028a
Thread 1 checking nonce 0x000001c1
Thread 10 checking nonce 0x000002aa
Thread 1 checking nonce 0x000001e1
Thread 14 checking nonce 0x0000032e
Thread 1 checking nonce 0x00000201
Thread 9 checking nonce 0x00000309
Thread 8 checking nonce 0x00000288
Thread 15 checking nonce 0x000002af
Thread 8 checking nonce 0x000002a8
Thread 26 checking nonce 0x0000007a
Thread 26 checking nonce 0x0000009a
Thread 26 checking nonce 0x000000ba
Thread 11 checking nonce 0x000002eb
Thread 0 checking nonce 0x000001c0
Thread 0 checking nonce 0x000001e0
Thread 0 checking nonce 0x00000200
Thread 29 checking nonce 0x0000017d
Thread 0 checking nonce 0x00000220
Thread 29 checking nonce 0x0000019d
Thread 17 checking nonce 0x00000151
Thread 19 checking nonce 0x000002d3
Thread 29 checking nonce 0x000001bd
Thread 6 checking nonce 0x000001e6
Thread 17 checking nonce 0x00000171
Thread 17 checking nonce 0x00000191
Thread 6 checking nonce 0x00000206
Thread 29 checking nonce 0x000001dd
Thread 17 checking nonce 0x000001b1
Thread 1 checking nonce 0x00000221
Thread 24 checking nonce 0x000001b8
Thread 7 checking nonce 0x00000167
Thread 2 checking nonce 0x00000342
Thread 24 checking nonce 0x000001d8
Thread 30 checking nonce 0x0000017e
Thread 24 checking nonce 0x000001f8
Thread 30 checking nonce 0x0000019e
Thread 21 checking nonce 0x00000215
Thread 24 checking nonce 0x00000218
Thread 28 checking nonce 0x000000bc
Thread 24 checking nonce 0x00000238
Thread 21 checking nonce 0x00000235
Thread 0 checking nonce 0x00000240
Thread 12 checking nonce 0x0000050c
Thread 0 checking nonce 0x00000260
Thread 26 checking nonce 0x000000da
Thread 31 checking nonce 0x0000015f
Thread 26 checking nonce 0x000000fa
Thread 31 checking nonce 0x0000017f
Thread 7 checking nonce 0x00000187
Thread 6 checking nonce 0x00000226
Thread 26 checking nonce 0x0000011a
Thread 17 checking nonce 0x000001d1
Thread 3 checking nonce 0x000003a3
Thread 16 checking nonce 0x000001f0
Thread 5 checking nonce 0x00000385
Thread 26 checking nonce 0x0000013a
Thread 23 checking nonce 0x00000117
Thread 27 checking nonce 0x000001bb
Thread 24 checking nonce 0x00000258
Thread 27 checking nonce 0x000001db
Thread 21 checking nonce 0x00000255
Thread 27 checking nonce 0x000001fb
Thread 21 checking nonce 0x00000275
Thread 0 checking nonce 0x00000280
Thread 21 checking nonce 0x00000295
Thread 27 checking nonce 0x0000021b
Thread 24 checking nonce 0x00000278
Thread 0 checking nonce 0x000002a0
Thread 24 checking nonce 0x00000298
Thread 22 checking nonce 0x000001d6
Thread 0 checking nonce 0x000002c0
Thread 1 checking nonce 0x00000241
Thread 22 checking nonce 0x000001f6
Thread 27 checking nonce 0x0000023b
Thread 22 checking nonce 0x00000216
Thread 22 checking nonce 0x00000236
Thread 27 checking nonce 0x0000025b
Thread 26 checking nonce 0x0000015a
Thread 23 checking nonce 0x00000137
Thread 1 checking nonce 0x00000261
Thread 24 checking nonce 0x000002b8
Thread 26 checking nonce 0x0000017a
Thread 13 checking nonce 0x0000022d
Thread 26 checking nonce 0x0000019a
Thread 26 checking nonce 0x000001ba
Thread 26 checking nonce 0x000001da
Thread 26 checking nonce 0x000001fa
Thread 26 checking nonce 0x0000021a
Thread 26 checking nonce 0x0000023a
Thread 30 checking nonce 0x000001be
Thread 29 checking nonce 0x000001fd
Thread 13 checking nonce 0x0000024d
Thread 26 checking nonce 0x0000025a
Thread 13 checking nonce 0x0000026d
Thread 30 checking nonce 0x000001de
Thread 31 checking nonce 0x0000019f
Thread 7 checking nonce 0x000001a7
Thread 31 checking nonce 0x000001bf
Thread 21 checking nonce 0x000002b5
Thread 29 checking nonce 0x0000021d
Thread 26 checking nonce 0x0000027a
Thread 7 checking nonce 0x000001c7
Thread 25 checking nonce 0x00000239
Thread 29 checking nonce 0x0000023d
Thread 20 checking nonce 0x000001f4
Thread 7 checking nonce 0x000001e7
Thread 1 checking nonce 0x00000281
Thread 7 checking nonce 0x00000207
Thread 20 checking nonce 0x00000214
Thread 26 checking nonce 0x0000029a
Thread 16 checking nonce 0x00000210
Thread 28 checking nonce 0x000000dc
Thread 17 checking nonce 0x000001f1
Thread 13 checking nonce 0x0000028d
Thread 17 checking nonce 0x00000211
Thread 28 checking nonce 0x000000fc
Thread 16 checking nonce 0x00000230
Thread 23 checking nonce 0x00000157
Thread 29 checking nonce 0x0000025d
Thread 23 checking nonce 0x00000177
Thread 1 checking nonce 0x000002a1
Thread 23 checking nonce 0x00000197
Thread 29 checking nonce 0x0000027d
Thread 26 checking nonce 0x000002ba
Thread 1 checking nonce 0x000002c1
Thread 20 checking nonce 0x00000234
Thread 20 checking nonce 0x00000254
Thread 20 checking nonce 0x00000274
Thread 27 checking nonce 0x0000027b
Thread 20 checking nonce 0x00000294
Thread 27 checking nonce 0x0000029b
Thread 20 checking nonce 0x000002b4
Thread 27 checking nonce 0x000002bb
Thread 31 checking nonce 0x000001df
Thread 17 checking nonce 0x00000231
Thread 25 checking nonce 0x00000259
Thread 17 checking nonce 0x00000251
Thread 17 checking nonce 0x00000271
Thread 25 checking nonce 0x00000279
Thread 17 checking nonce 0x00000291
Thread 28 checking nonce 0x0000011c
Thread 25 checking nonce 0x00000299
Thread 17 checking nonce 0x000002b1
Thread 28 checking nonce 0x0000013c
Thread 29 checking nonce 0x0000029d
Thread 13 checking nonce 0x000002ad
Thread 29 checking nonce 0x000002bd
Thread 28 checking nonce 0x0000015c
Thread 30 checking nonce 0x000001fe
Thread 28 checking nonce 0x0000017c
Thread 30 checking nonce 0x0000021e
Thread 7 checking nonce 0x00000227
Thread 28 checking nonce 0x0000019c
Thread 28 checking nonce 0x000001bc
Thread 25 checking nonce 0x000002b9
Thread 6 checking nonce 0x00000246
Thread 28 checking nonce 0x000001dc
Thread 6 checking nonce 0x00000266
Thread 30 checking nonce 0x0000023e
Thread 31 checking nonce 0x000001ff
Thread 16 checking nonce 0x00000250
Thread 22 checking nonce 0x00000256
Thread 31 checking nonce 0x0000021f
Thread 22 checking nonce 0x00000276
Thread 6 checking nonce 0x00000286
Thread 7 checking nonce 0x00000247
Thread 30 checking nonce 0x0000025e
Thread 30 checking nonce 0x0000027e
Thread 30 checking nonce 0x0000029e
Thread 30 checking nonce 0x000002be
Thread 6 checking nonce 0x000002a6
Thread 16 checking nonce 0x00000270
Thread 22 checking nonce 0x00000296
Thread 16 checking nonce 0x00000290
Thread 22 checking nonce 0x000002b6
Thread 23 checking nonce 0x000001b7
Thread 16 checking nonce 0x000002b0
Thread 23 checking nonce 0x000001d7
Thread 23 checking nonce 0x000001f7
Thread 23 checking nonce 0x00000217
Thread 28 checking nonce 0x000001fc
Thread 28 checking nonce 0x0000021c
Thread 7 checking nonce 0x00000267
Thread 31 checking nonce 0x0000023f
Thread 31 checking nonce 0x0000025f
Thread 31 checking nonce 0x0000027f
Thread 31 checking nonce 0x0000029f
Thread 31 checking nonce 0x000002bf
Thread 28 checking nonce 0x0000023c
Thread 23 checking nonce 0x00000237
Thread 23 checking nonce 0x00000257
Thread 23 checking nonce 0x00000277
Thread 28 checking nonce 0x0000025c
Thread 28 checking nonce 0x0000027c
Thread 28 checking nonce 0x0000029c
Thread 7 checking nonce 0x00000287
Thread 7 checking nonce 0x000002a7
Thread 28 checking nonce 0x000002bc
Thread 23 checking nonce 0x00000297
Thread 23 checking nonce 0x000002b7
0x000002a4 0x00b3f33c
